{\rtf1\ansi\ansicpg1252
{\fonttbl\f0\fnil\fcharset0 RobotoMono-Regular;}

{\colortbl;\red255\green255\blue255;\red143\green89\blue2;\red32\green72\blue167;\red206\green92\blue0;
\red0\green0\blue0;\red52\green101\blue164;\red204\green0\blue0;\red92\green53\blue204;\red78\green154\blue6;
\red0\green0\blue207;\red239\green41\blue41;\red164\green0\blue0;
\red213\green213\blue213;\red204\green204\blue204;}
\f0\fs28
\cb14 
\i \cf2 # Sample Code
\i0
\
\cf0 
\
\b \cf3 def
\b0
\cf0  
\cf5 foo
\b \cf5 (
\b0
\b \cf5 )
\b0
\b \cf5 :
\b0
\
\cf0     
\i \cf2 """Multi-line
 \i0\
\i \cf2     Doc string
 \i0\
\i \cf2     """
 \i0\
\cf0     
\cf5 bar
\cf0  
\b \cf4 =
\b0
\cf0  
\cf9 '
\cf9 Thing
\cf9 '
\
}
