[38;5;15m[1m[48;5;4m# Sample Code[0m
    Token.Comment.Single: [38;5;0m[48;5;249m# Sample Code[0m
[38;5;15m[1m[48;5;4m\n[0m
    Token.Text: ''
[38;5;15m[1m[48;5;4mdef foo():[0m
    Token.Keyword: [38;5;0m[48;5;249mdef[0m
    Token.Text: [38;5;0m[48;5;249m [0m
    Token.Name.Function: [38;5;0m[48;5;249mfoo[0m
    Token.Punctuation: [38;5;0m[48;5;249m([0m
    Token.Punctuation: [38;5;0m[48;5;249m)[0m
    Token.Punctuation: [38;5;0m[48;5;249m:[0m
[38;5;15m[1m[48;5;4m    """Multi-line[0m
    Token.Text: [38;5;0m[48;5;249m    [0m
    Token.Literal.String.Doc: [38;5;0m[48;5;249m"""Multi-line[0m
[38;5;15m[1m[48;5;4m    Doc string[0m
    Token.Literal.String.Doc: [38;5;0m[48;5;249m    Doc string[0m
[38;5;15m[1m[48;5;4m    """[0m
    Token.Literal.String.Doc: [38;5;0m[48;5;249m    """[0m
[38;5;15m[1m[48;5;4m    bar = 'Thing\Stuff'[0m
    Token.Text: [38;5;0m[48;5;249m    [0m
    Token.Name: [38;5;0m[48;5;249mbar[0m
    Token.Text: [38;5;0m[48;5;249m [0m
    Token.Operator: [38;5;0m[48;5;249m=[0m
    Token.Text: [38;5;0m[48;5;249m [0m
    Token.Literal.String.Single: [38;5;0m[48;5;249m'[0m
    Token.Literal.String.Single: [38;5;0m[48;5;249mThing[0m
    Token.Literal.String.Single: [38;5;0m[48;5;249m\[0m
    Token.Literal.String.Single: [38;5;0m[48;5;249mStuff[0m
    Token.Literal.String.Single: [38;5;0m[48;5;249m'[0m
