[38;5;6m# Sample Code[0m
[0m
[38;5;3mdef[0m [0m[38;5;7mfoo[0m([0m)[0m:[0m
    [0m[38;5;5m"""Multi-line[0m
[38;5;5m    Doc string[0m
[38;5;5m    """[0m
    [0m[38;5;7mbar[0m [0m[38;5;3m=[0m [0m[38;5;5m'[0m[38;5;5mThing[0m[38;5;5m\[0m[38;5;5mStuff[0m[38;5;5m'[0m
