# Sample Code
    Token.Comment.Single: # Sample Code
\n
    Token.Text: ''
def foo():
    Token.Keyword: def
    Token.Text:  
    Token.Name.Function: foo
    Token.Punctuation: (
    Token.Punctuation: )
    Token.Punctuation: :
    """Multi-line
    Token.Text:     
    Token.Literal.String.Doc: """Multi-line
    Doc string
    Token.Literal.String.Doc:     Doc string
    """
    Token.Literal.String.Doc:     """
    bar = 'Thing'
    Token.Text:     
    Token.Name: bar
    Token.Text:  
    Token.Operator: =
    Token.Text:  
    Token.Literal.String.Single: '
    Token.Literal.String.Single: Thing
    Token.Literal.String.Single: '
